// Vitest Snapshot v1, https://vitest.dev/guide/snapshot.html

exports[`CSS value fallback 1`] = `
"<style data-precedence="1" data-href="x-3snbh6it1 x-ggil38861">
  .x-3snbh6it1 {
    color: black
  }

  .x-ggil38861 {
    color: color: rgba(0, 0, 0, 0.9)
  }
</style>
<style data-precedence="2" data-href="x-ggil38862">
  .x-ggil38862 {
    color: color: rgba(0, 0, 0, 0.9)
  }
</style>
<div><span class="x-3snbh6it1 x-ggil38862"></span><span class="x-ggil38861"></span></div>"
`;

exports[`no footgun 1`] = `
"<style data-precedence="1" data-href="x-9p6p2vms1 x-16x8ijtr1">
  .x-9p6p2vms1 {
    &:first-child:after {
      content: "First"
    }
  }

  .x-16x8ijtr1 {
    &:last-child:after {
      content: "Last"
    }
  }
</style>
<style data-precedence="2" data-href="x-16x8ijtr2 x-9p6p2vms2">
  .x-16x8ijtr2 {
    &:last-child:after {
      content: "Last"
    }
  }

  .x-9p6p2vms2 {
    &:first-child:after {
      content: "First"
    }
  }
</style>
<div><span class="x-9p6p2vms1 x-16x8ijtr2"></span><span class="x-16x8ijtr1 x-9p6p2vms2"></span></div>"
`;

exports[`style composition 1`] = `
"<style data-precedence="1" data-href="x-157mpepm1 x-mqt2cko51">
  .x-157mpepm1 {
    color: red
  }

  .x-mqt2cko51 {
    background: #fff
  }
</style>
<style data-precedence="2" data-href="x-39u6vegt2">
  .x-39u6vegt2 {
    background: blue
  }
</style>
<div><button class="x-157mpepm1 x-mqt2cko51"></button><button class="x-157mpepm1 x-mqt2cko51 x-39u6vegt2"></button></div>"
`;

exports[`style composition using css 1`] = `
"<style data-precedence="1" data-href="x-3feaa9u71">
  .x-3feaa9u71 {
    background: white
  }
</style>
<style data-precedence="2" data-href="x-17g3hl842 x-39u6vegt2">
  .x-17g3hl842 {
    background: red
  }

  .x-39u6vegt2 {
    background: blue
  }
</style>
<div><button class="x-3feaa9u71 x-17g3hl842"></button><button class="x-3feaa9u71 x-39u6vegt2"></button><button class="x-3feaa9u71"></button></div>"
`;

exports[`style composition using styled 1`] = `
"<style data-precedence="1" data-href="x-157mpepm1 x-mqt2cko51">
  .x-157mpepm1 {
    color: red
  }

  .x-mqt2cko51 {
    background: #fff
  }
</style>
<style data-precedence="2" data-href="x-39u6vegt2">
  .x-39u6vegt2 {
    background: blue
  }
</style>
<div><button class="x-157mpepm1 x-mqt2cko51"></button><button class="x-157mpepm1 x-mqt2cko51 x-39u6vegt2"></button></div>"
`;

exports[`style deduplication 1`] = `
"<style data-precedence="1" data-href="x-157mpepm1 x-39u6vegt1 x-38xvzlwd1">
  .x-157mpepm1 {
    color: red
  }

  .x-39u6vegt1 {
    background: blue
  }

  .x-38xvzlwd1 {
    color: yellow
  }
</style>
<div><button class="x-157mpepm1 x-39u6vegt1"></button><a class="x-38xvzlwd1 x-39u6vegt1"></a></div>"
`;
