// Vitest Snapshot v1, https://vitest.dev/guide/snapshot.html

exports[`can clone style 1`] = `
"<style data-precedence="1" data-href="x_157mpepm1 x_39u6vegt1">
  .x_157mpepm1 {
    color: red
  }

  .x_39u6vegt1 {
    background: blue
  }
</style>
<div><button class="x_157mpepm1 x_39u6vegt1"></button><a class="x_157mpepm1 x_39u6vegt1"></a></div>"
`;
