// Vitest Snapshot v1, https://vitest.dev/guide/snapshot.html

exports[`deduplication 1`] = `
"<style data-precedence="0" data-href="x_2bn4sldq">
  @keyframes x_2bn4sldq {
    from {
      transform: rotate(0deg)
    }

    to {
      transform: rotate(360deg)
    }
  }
</style>
<style data-precedence="1" data-href="x_3iq8y4v01">
  .x_3iq8y4v01 {
    animation-name: x_2bn4sldq
  }
</style>
<style data-precedence="2" data-href="x_15ga9oq42">
  .x_15ga9oq42 {
    animation: x_2bn4sldq 1s ease infinite
  }
</style><button class="x_3iq8y4v01 x_15ga9oq42"></button>"
`;
