// Vitest Snapshot v1, https://vitest.dev/guide/snapshot.html

exports[`can define animation 1`] = `
"<style data-precedence="0" data-href="x_2bn4sldq">
  @keyframes x_2bn4sldq {
    from {
      transform: rotate(0deg)
    }

    to {
      transform: rotate(360deg)
    }
  }
</style>
<style data-precedence="1" data-href="x_15ga9oq41">
  .x_15ga9oq41 {
    animation: x_2bn4sldq 1s ease infinite
  }
</style><button class="x_15ga9oq41"></button>"
`;
