// Vitest Snapshot v1, https://vitest.dev/guide/snapshot.html

exports[`can define animation 1`] = `
"<style data-precedence="0" data-href="x-2bn4sldq">
  @keyframes x-2bn4sldq {
    from {
      transform: rotate(0deg)
    }

    to {
      transform: rotate(360deg)
    }
  }
</style>
<style data-precedence="1" data-href="x-2atrobig-1">
  .x-2atrobig-1 {
    animation: x-2bn4sldq 1s ease infinite
  }
</style><button class="x-2atrobig-1"></button>"
`;
